<ExtensionImage xmlns="http://schemas.microsoft.com/windowsazure">
  <ProviderNameSpace>Microsoft.OSCTExtensions</ProviderNameSpace>
  <Type>CustomScriptForLinux</Type>
  <Version>4.3.2.1</Version>
  <Label>Microsoft Azure Custom Script Extension for Linux Virtual Machines</Label>
  <HostingResources>VmRole</HostingResources>
  <MediaLink>http://localhost/extension.zip</MediaLink>
  <Endpoints></Endpoints>
  <Description>Please consider using Microsoft.Azure.Extensions.CustomScript instead.</Description>
  <LocalResources></LocalResources>
  <IsInternalExtension>true</IsInternalExtension>
  <Eula>https://github.com/Azure/azure-linux-extensions/blob/master/LICENSE-2_0.txt</Eula>
  <PrivacyUri>http://www.microsoft.com/privacystatement/en-us/OnlineServices/Default.aspx</PrivacyUri>
  <HomepageUri>https://github.com/Azure/azure-linux-extensions</HomepageUri>
  <IsJsonExtension>true</IsJsonExtension>
  <DisallowMajorVersionUpgrade>true</DisallowMajorVersionUpgrade>
  <CompanyName>Microsoft</CompanyName>
  <SupportedOS>Linux</SupportedOS>
  <Regions>South Central US</Regions>
</ExtensionImage>