<ExtensionImage xmlns="http://schemas.microsoft.com/windowsazure">
  <ProviderNameSpace>Microsoft.OSCTExtensions</ProviderNameSpace>
  <Type>PaaS</Type>
  <Version>4.3.2.1</Version>
  <Label>Microsoft Azure Custom Script Extension for Linux Virtual Machines</Label>
  <HostingResources>WebRole|WorkerRole</HostingResources>
  <MediaLink>http://localhost/extension.zip</MediaLink>
  <Certificate>
    <StoreLocation>LocalMachine</StoreLocation>
    <StoreName>My</StoreName>
    <ThumbprintRequired>true</ThumbprintRequired>
    <ThumbprintAlgorithm>sha1</ThumbprintAlgorithm>
  </Certificate>
  <PublicConfigurationSchema>--public-configuration-schema--</PublicConfigurationSchema>
  <PrivateConfigurationSchema>--private-configuration-schema--</PrivateConfigurationSchema>
  <Description>Please consider using Microsoft.Azure.Extensions.CustomScript instead.</Description>
  <BlockRoleUponFailure>false</BlockRoleUponFailure>
  <IsInternalExtension>true</IsInternalExtension>
  <Eula>https://github.com/Azure/azure-linux-extensions/blob/master/LICENSE-2_0.txt</Eula>
  <PrivacyUri>http://www.microsoft.com/privacystatement/en-us/OnlineServices/Default.aspx</PrivacyUri>
  <HomepageUri>https://github.com/Azure/azure-linux-extensions</HomepageUri>
  <IsJsonExtension>true</IsJsonExtension>
  <CompanyName>Microsoft</CompanyName>
  <SupportedOS>Linux</SupportedOS>
  <Regions>South Central US</Regions>
</ExtensionImage>